---
source: ppoprf/src/ppoprf.rs
expression: "base64::encode(&pk_bincode)"
---
LAAAAAAAAABxdmdrQk9YM3Y2YzFMT0NUNUtxK2drTlRoZFpLcUhBSkNsYlJxallXbUFBPQgAAAAAAAAAACwAAAAAAAAAQUFBQUFBQUFBQUFBQUFBQUFBQUFBQUFBQUFBQUFBQUFBQUFBQUFBQUFBQT0BLAAAAAAAAAA5dGM4K2dSaWgwUy9hVGtVZjRVMXZoU2c3eFBqcXlsRUV4ZDdWQjhJMmdrPQIsAAAAAAAAAGVNdXduTkdQa0lKUGpPTlhyR0ZqSjIrOGNOOVpDamhUclFWdlN2RnZaaXM9AywAAAAAAAAAREJoV1JsTVhjUEd0R0VmZ0hHa2VLQjhNNGpZRjBEb21KZmZoMUVZajFpbz0ELAAAAAAAAABndThmS1grOXBuczE0aE85MjV3RVBtSGNJOVU0bWw2VG03YjFlOTFCUlVFPQUsAAAAAAAAADZoMGRmblhLSnZ3YUl5aStJY3J5a01GeE1vd1lxZmRjUGdKSzVjY0wvRFE9BiwAAAAAAAAAamkvVlQwYklDUHl5ZnFscjIyNVdndGFKeUFmWUlsQVRZSnlwT0QrWTdodz0HLAAAAAAAAAA1S1ZjbHVwTWtJN256Qldub0RLYVBUK084UE9MT0FhT0FMVElzd042M0Q4PQ==
